package switchfix

import (
	"fmt"
	barpkg "switch/y"
)

func _caseclause_othermemberspkg() {
	var phy barpkg.Phylum
	switch phy { // want "missing cases in switch of type bar.Phylum: Chordata, Echinodermata"
	case barpkg.Mollusca:
		{
		}
	case barpkg.Chordata, barpkg.Echinodermata:
		panic(fmt.Sprintf("unhandled value: %v", phy))
	}
}
